AR psr_module behavioral F:/Documentos/Electronica/Processor/PSR_module.vhd sub00/vhpl05 1355157717
EN cyclicalcounter NULL F:/Documentos/Electronica/Processor/CyclicalCounter.vhd sub00/vhpl48 1355146704
AR slx2_module behavioral F:/Documentos/Arquitectura/Processor/SLx2_module.vhd sub00/vhpl03 1353084293
EN div50mto1 NULL F:/Documentos/Electronica/Processor/Div50Mto1.vhd sub00/vhpl42 1355145689
EN pc_module NULL F:/Documentos/Electronica/Processor/PC_module.vhd sub00/vhpl28 1355157712
EN slx2_module NULL F:/Documentos/Arquitectura/Processor/SLx2_module.vhd sub00/vhpl02 1353084292
EN div50mto700 NULL F:/Documentos/Arquitectura/Processor/Div50Mto700.vhd sub00/vhpl40 1355144444
EN mux1_module NULL F:/Documentos/Electronica/Processor/MUX1_module.vhd sub00/vhpl20 1355157704
AR cyclicalcounter behavioral F:/Documentos/Electronica/Processor/CyclicalCounter.vhd sub00/vhpl49 1355146705
AR adder3_module behavioral F:/Documentos/Electronica/Processor/ADDER3_module.vhd sub00/vhpl13 1355157695
AR mux3_module behavioral F:/Documentos/Electronica/Processor/MUX3_module.vhd sub00/vhpl25 1355157709
AR processor behavioral F:/Documentos/Electronica/Processor/Processor.vhd sub00/vhpl39 1355157725
EN adder1_module NULL F:/Documentos/Electronica/Processor/ADDER1_module.vhd sub00/vhpl08 1355157690
AR cu_module behavioral F:/Documentos/Electronica/Processor/CU_module.vhd sub00/vhpl01 1355157699
AR chronometer arch_crh F:/Documentos/Electronica/Processor/Chronometer.vhd sub00/vhpl53 1355157729
AR div50mto05 arch F:/Documentos/Electronica/Processor/Div50Mto05.vhd sub00/vhpl55 1355157727
AR psrmodifier arch_psrm F:/Documentos/Electronica/Processor/PSRModifier.vhd sub00/vhpl31 1355157715
EN seu22_module NULL F:/Documentos/Electronica/Processor/SEU22_module.vhd sub00/vhpl36 1355157688
EN psrmodifier NULL F:/Documentos/Electronica/Processor/PSRModifier.vhd sub00/vhpl30 1355157714
EN cyclicalcounter2 NULL F:/Documentos/Electronica/Processor/CyclicalCounter2.vhd sub00/vhpl56 1355146712
AR registerfile_module behavioral F:/Documentos/Electronica/Processor/RegisterFile_module.vhd sub00/vhpl07 1355157719
EN mux4to1 NULL F:/Documentos/Electronica/Processor/mux4to1.vhd sub00/vhpl44 1355146700
AR div50mto1 arch F:/Documentos/Electronica/Processor/Div50Mto1.vhd sub00/vhpl43 1355145690
EN decoder2to4 NULL F:/Documentos/Electronica/Processor/Decoder2to4.vhd sub00/vhpl50 1355146706
EN muxi NULL F:/Documentos/Electronica/Processor/muxI.vhd sub00/vhpl58 1355146710
AR adder1_module behavioral F:/Documentos/Electronica/Processor/ADDER1_module.vhd sub00/vhpl09 1355157691
AR mux1_module behavioral F:/Documentos/Electronica/Processor/MUX1_module.vhd sub00/vhpl21 1355157705
EN mux4_module NULL F:/Documentos/Electronica/Processor/MUX4_module.vhd sub00/vhpl26 1355157710
AR mux4_module behavioral F:/Documentos/Electronica/Processor/MUX4_module.vhd sub00/vhpl27 1355157711
EN windowmanager NULL F:/Documentos/Electronica/Processor/WindowManager.vhd sub00/vhpl34 1355157722
AR cyclicalcounter2 behavioral F:/Documentos/Electronica/Processor/CyclicalCounter2.vhd sub00/vhpl57 1355146713
EN psr_module NULL F:/Documentos/Electronica/Processor/PSR_module.vhd sub00/vhpl04 1355157716
AR seu22_module behavioral F:/Documentos/Electronica/Processor/SEU22_module.vhd sub00/vhpl37 1355157689
AR pc_module behavioral F:/Documentos/Electronica/Processor/PC_module.vhd sub00/vhpl29 1355157713
EN chronometer NULL F:/Documentos/Electronica/Processor/Chronometer.vhd sub00/vhpl52 1355157728
EN processor NULL F:/Documentos/Electronica/Processor/Processor.vhd sub00/vhpl38 1355157724
EN div50mto05 NULL F:/Documentos/Electronica/Processor/Div50Mto05.vhd sub00/vhpl54 1355157726
AR instmemory_module behavioral F:/Documentos/Electronica/Processor/InstMemory_module.vhd sub00/vhpl19 1355157703
EN instmemory_module NULL F:/Documentos/Electronica/Processor/InstMemory_module.vhd sub00/vhpl18 1355157702
EN mux3_module NULL F:/Documentos/Electronica/Processor/MUX3_module.vhd sub00/vhpl24 1355157708
AR alu_module behavioral F:/Documentos/Electronica/Processor/ALU_module.vhd sub00/vhpl15 1355157697
AR datamem_module behavioral F:/Documentos/Electronica/Processor/DataMem_module.vhd sub00/vhpl17 1355157701
AR div50mto700 arch F:/Documentos/Arquitectura/Processor/Div50Mto700.vhd sub00/vhpl41 1355144445
EN datamem_module NULL F:/Documentos/Electronica/Processor/DataMem_module.vhd sub00/vhpl16 1355157700
AR decoder2to4 behavioral F:/Documentos/Electronica/Processor/Decoder2to4.vhd sub00/vhpl51 1355146707
EN adder3_module NULL F:/Documentos/Electronica/Processor/ADDER3_module.vhd sub00/vhpl12 1355157694
AR adder2_module behavioral F:/Documentos/Electronica/Processor/ADDER2_module.vhd sub00/vhpl11 1355157693
EN bcd NULL F:/Documentos/Electronica/Processor/bcd.vhd sub00/vhpl46 1355146702
AR mux2_module behavioral F:/Documentos/Electronica/Processor/MUX2_module.vhd sub00/vhpl23 1355157707
AR seu_module behavioral F:/Documentos/Electronica/Processor/SEU_module.vhd sub00/vhpl33 1355157721
AR windowmanager arch_wm F:/Documentos/Electronica/Processor/WindowManager.vhd sub00/vhpl35 1355157723
EN cu_module NULL F:/Documentos/Electronica/Processor/CU_module.vhd sub00/vhpl00 1355157698
AR mux4to1 behavioral F:/Documentos/Electronica/Processor/mux4to1.vhd sub00/vhpl45 1355146701
AR bcd arch_bcd F:/Documentos/Electronica/Processor/bcd.vhd sub00/vhpl47 1355146703
EN mux2_module NULL F:/Documentos/Electronica/Processor/MUX2_module.vhd sub00/vhpl22 1355157706
EN seu_module NULL F:/Documentos/Electronica/Processor/SEU_module.vhd sub00/vhpl32 1355157720
EN registerfile_module NULL F:/Documentos/Electronica/Processor/RegisterFile_module.vhd sub00/vhpl06 1355157718
EN alu_module NULL F:/Documentos/Electronica/Processor/ALU_module.vhd sub00/vhpl14 1355157696
AR muxi behavioral F:/Documentos/Electronica/Processor/muxI.vhd sub00/vhpl59 1355146711
EN adder2_module NULL F:/Documentos/Electronica/Processor/ADDER2_module.vhd sub00/vhpl10 1355157692
