AR psr_module behavioral /home/pin3da/Repos/Processor/PSR_module.vhd sub00/vhpl05 1353786707
AR slx2_module behavioral F:/Documentos/Arquitectura/Processor/SLx2_module.vhd sub00/vhpl03 1353084293
EN pc_module NULL /home/pin3da/Repos/Processor/PC_module.vhd sub00/vhpl28 1353786702
EN slx2_module NULL F:/Documentos/Arquitectura/Processor/SLx2_module.vhd sub00/vhpl02 1353084292
EN mux1_module NULL /home/pin3da/Repos/Processor/MUX1_module.vhd sub00/vhpl20 1353786694
AR adder3_module behavioral /home/pin3da/Repos/Processor/ADDER3_module.vhd sub00/vhpl13 1353786685
AR mux3_module behavioral /home/pin3da/Repos/Processor/MUX3_module.vhd sub00/vhpl25 1353786699
AR processor behavioral /home/pin3da/Repos/Processor/Processor.vhd sub00/vhpl39 1353786717
EN adder1_module NULL /home/pin3da/Repos/Processor/ADDER1_module.vhd sub00/vhpl08 1353786680
AR cu_module behavioral /home/pin3da/Repos/Processor/CU_module.vhd sub00/vhpl01 1353786689
AR psrmodifier arch_psrm /home/pin3da/Repos/Processor/PSRModifier.vhd sub00/vhpl31 1353786705
EN seu22_module NULL /home/pin3da/Repos/Processor/SEU22_module.vhd sub00/vhpl36 1353786714
EN psrmodifier NULL /home/pin3da/Repos/Processor/PSRModifier.vhd sub00/vhpl30 1353786704
AR registerfile_module behavioral /home/pin3da/Repos/Processor/RegisterFile_module.vhd sub00/vhpl07 1353786709
AR adder1_module behavioral /home/pin3da/Repos/Processor/ADDER1_module.vhd sub00/vhpl09 1353786681
AR mux1_module behavioral /home/pin3da/Repos/Processor/MUX1_module.vhd sub00/vhpl21 1353786695
EN mux4_module NULL /home/pin3da/Repos/Processor/MUX4_module.vhd sub00/vhpl26 1353786700
AR mux4_module behavioral /home/pin3da/Repos/Processor/MUX4_module.vhd sub00/vhpl27 1353786701
EN windowmanager NULL /home/pin3da/Repos/Processor/WindowManager.vhd sub00/vhpl34 1353786712
EN psr_module NULL /home/pin3da/Repos/Processor/PSR_module.vhd sub00/vhpl04 1353786706
AR seu22_module behavioral /home/pin3da/Repos/Processor/SEU22_module.vhd sub00/vhpl37 1353786715
AR pc_module behavioral /home/pin3da/Repos/Processor/PC_module.vhd sub00/vhpl29 1353786703
EN processor NULL /home/pin3da/Repos/Processor/Processor.vhd sub00/vhpl38 1353786716
AR instmemory_module behavioral /home/pin3da/Repos/Processor/InstMemory_module.vhd sub00/vhpl19 1353786693
EN instmemory_module NULL /home/pin3da/Repos/Processor/InstMemory_module.vhd sub00/vhpl18 1353786692
EN mux3_module NULL /home/pin3da/Repos/Processor/MUX3_module.vhd sub00/vhpl24 1353786698
AR alu_module behavioral /home/pin3da/Repos/Processor/ALU_module.vhd sub00/vhpl15 1353786687
AR datamem_module behavioral /home/pin3da/Repos/Processor/DataMem_module.vhd sub00/vhpl17 1353786691
EN datamem_module NULL /home/pin3da/Repos/Processor/DataMem_module.vhd sub00/vhpl16 1353786690
EN adder3_module NULL /home/pin3da/Repos/Processor/ADDER3_module.vhd sub00/vhpl12 1353786684
AR adder2_module behavioral /home/pin3da/Repos/Processor/ADDER2_module.vhd sub00/vhpl11 1353786683
AR mux2_module behavioral /home/pin3da/Repos/Processor/MUX2_module.vhd sub00/vhpl23 1353786697
AR seu_module behavioral /home/pin3da/Repos/Processor/SEU_module.vhd sub00/vhpl33 1353786711
AR windowmanager arch_wm /home/pin3da/Repos/Processor/WindowManager.vhd sub00/vhpl35 1353786713
EN cu_module NULL /home/pin3da/Repos/Processor/CU_module.vhd sub00/vhpl00 1353786688
EN mux2_module NULL /home/pin3da/Repos/Processor/MUX2_module.vhd sub00/vhpl22 1353786696
EN seu_module NULL /home/pin3da/Repos/Processor/SEU_module.vhd sub00/vhpl32 1353786710
EN registerfile_module NULL /home/pin3da/Repos/Processor/RegisterFile_module.vhd sub00/vhpl06 1353786708
EN alu_module NULL /home/pin3da/Repos/Processor/ALU_module.vhd sub00/vhpl14 1353786686
EN adder2_module NULL /home/pin3da/Repos/Processor/ADDER2_module.vhd sub00/vhpl10 1353786682
