AR psr_module behavioral /home/pin3da/Repos/Processor/PSR_module.vhd sub00/vhpl05 1354154982
AR slx2_module behavioral F:/Documentos/Arquitectura/Processor/SLx2_module.vhd sub00/vhpl03 1353084293
EN pc_module NULL /home/pin3da/Repos/Processor/PC_module.vhd sub00/vhpl28 1354154977
EN slx2_module NULL F:/Documentos/Arquitectura/Processor/SLx2_module.vhd sub00/vhpl02 1353084292
EN mux1_module NULL /home/pin3da/Repos/Processor/MUX1_module.vhd sub00/vhpl20 1354154969
AR adder3_module behavioral /home/pin3da/Repos/Processor/ADDER3_module.vhd sub00/vhpl13 1354154960
AR mux3_module behavioral /home/pin3da/Repos/Processor/MUX3_module.vhd sub00/vhpl25 1354154974
AR processor behavioral /home/pin3da/Repos/Processor/Processor.vhd sub00/vhpl39 1354154990
EN adder1_module NULL /home/pin3da/Repos/Processor/ADDER1_module.vhd sub00/vhpl08 1354159121
AR cu_module behavioral /home/pin3da/Repos/Processor/CU_module.vhd sub00/vhpl01 1354154964
AR psrmodifier arch_psrm /home/pin3da/Repos/Processor/PSRModifier.vhd sub00/vhpl31 1354154980
EN seu22_module NULL /home/pin3da/Repos/Processor/SEU22_module.vhd sub00/vhpl36 1354154953
EN psrmodifier NULL /home/pin3da/Repos/Processor/PSRModifier.vhd sub00/vhpl30 1354154979
AR registerfile_module behavioral /home/pin3da/Repos/Processor/RegisterFile_module.vhd sub00/vhpl07 1354157085
AR adder1_module behavioral /home/pin3da/Repos/Processor/ADDER1_module.vhd sub00/vhpl09 1354159122
AR mux1_module behavioral /home/pin3da/Repos/Processor/MUX1_module.vhd sub00/vhpl21 1354154970
EN mux4_module NULL /home/pin3da/Repos/Processor/MUX4_module.vhd sub00/vhpl26 1354154975
AR mux4_module behavioral /home/pin3da/Repos/Processor/MUX4_module.vhd sub00/vhpl27 1354154976
EN windowmanager NULL /home/pin3da/Repos/Processor/WindowManager.vhd sub00/vhpl34 1354154987
EN psr_module NULL /home/pin3da/Repos/Processor/PSR_module.vhd sub00/vhpl04 1354154981
AR seu22_module behavioral /home/pin3da/Repos/Processor/SEU22_module.vhd sub00/vhpl37 1354154954
AR pc_module behavioral /home/pin3da/Repos/Processor/PC_module.vhd sub00/vhpl29 1354154978
EN processor NULL /home/pin3da/Repos/Processor/Processor.vhd sub00/vhpl38 1354154989
AR instmemory_module behavioral /home/pin3da/Repos/Processor/InstMemory_module.vhd sub00/vhpl19 1354154968
EN instmemory_module NULL /home/pin3da/Repos/Processor/InstMemory_module.vhd sub00/vhpl18 1354154967
EN mux3_module NULL /home/pin3da/Repos/Processor/MUX3_module.vhd sub00/vhpl24 1354154973
AR alu_module behavioral /home/pin3da/Repos/Processor/ALU_module.vhd sub00/vhpl15 1354154962
AR datamem_module behavioral /home/pin3da/Repos/Processor/DataMem_module.vhd sub00/vhpl17 1354154966
EN datamem_module NULL /home/pin3da/Repos/Processor/DataMem_module.vhd sub00/vhpl16 1354154965
EN adder3_module NULL /home/pin3da/Repos/Processor/ADDER3_module.vhd sub00/vhpl12 1354154959
AR adder2_module behavioral /home/pin3da/Repos/Processor/ADDER2_module.vhd sub00/vhpl11 1354154958
AR mux2_module behavioral /home/pin3da/Repos/Processor/MUX2_module.vhd sub00/vhpl23 1354154972
AR seu_module behavioral /home/pin3da/Repos/Processor/SEU_module.vhd sub00/vhpl33 1354154986
AR windowmanager arch_wm /home/pin3da/Repos/Processor/WindowManager.vhd sub00/vhpl35 1354154988
EN cu_module NULL /home/pin3da/Repos/Processor/CU_module.vhd sub00/vhpl00 1354154963
EN mux2_module NULL /home/pin3da/Repos/Processor/MUX2_module.vhd sub00/vhpl22 1354154971
EN seu_module NULL /home/pin3da/Repos/Processor/SEU_module.vhd sub00/vhpl32 1354154985
EN registerfile_module NULL /home/pin3da/Repos/Processor/RegisterFile_module.vhd sub00/vhpl06 1354157084
EN alu_module NULL /home/pin3da/Repos/Processor/ALU_module.vhd sub00/vhpl14 1354154961
EN adder2_module NULL /home/pin3da/Repos/Processor/ADDER2_module.vhd sub00/vhpl10 1354154957
