V3 137
FL /home/pin3da/Repos/Processor/ADDER1_module.vhd 2012/11/28.22:18:13 P.28xd
FL /home/pin3da/Repos/Processor/ADDER2_module.vhd 2012/11/28.20:23:21 P.28xd
FL /home/pin3da/Repos/Processor/ADDER3_module.vhd 2012/11/28.20:23:21 P.28xd
FL /home/pin3da/Repos/Processor/ALU_module.vhd 2012/11/28.20:23:21 P.28xd
FL /home/pin3da/Repos/Processor/CU_module.vhd 2012/11/28.20:23:21 P.28xd
FL /home/pin3da/Repos/Processor/DataMem_module.vhd 2012/11/28.20:23:21 P.28xd
FL /home/pin3da/Repos/Processor/InstMemory_module.vhd 2012/11/29.00:08:43 P.28xd
FL /home/pin3da/Repos/Processor/MUX1_module.vhd 2012/11/28.20:23:21 P.28xd
FL /home/pin3da/Repos/Processor/MUX2_module.vhd 2012/11/28.20:23:21 P.28xd
FL /home/pin3da/Repos/Processor/MUX3_module.vhd 2012/11/28.20:23:21 P.28xd
FL /home/pin3da/Repos/Processor/MUX4_module.vhd 2012/11/28.20:23:21 P.28xd
FL /home/pin3da/Repos/Processor/PC_module.vhd 2012/11/28.20:23:21 P.28xd
FL /home/pin3da/Repos/Processor/Processor.vhd 2012/11/28.20:23:21 P.28xd
FL /home/pin3da/Repos/Processor/PSRModifier.vhd 2012/11/28.20:23:21 P.28xd
FL /home/pin3da/Repos/Processor/PSR_module.vhd 2012/11/28.20:23:21 P.28xd
FL /home/pin3da/Repos/Processor/RegisterFile_module.vhd 2012/11/28.21:44:01 P.28xd
FL /home/pin3da/Repos/Processor/SEU22_module.vhd 2012/11/28.20:23:21 P.28xd
FL /home/pin3da/Repos/Processor/SEU_module.vhd 2012/11/28.20:23:21 P.28xd
FL /home/pin3da/Repos/Processor/WindowManager.vhd 2012/11/28.20:23:21 P.28xd
FL F:/Documentos/Arquitectura/Processor/ADDER1_module.vhd 2012/11/29.08:53:07 P.28xd
EN work/ADDER1_module 1354918715 \
      FL F:/Documentos/Arquitectura/Processor/ADDER1_module.vhd \
      PB ieee/std_logic_1164 1341906176 PB ieee/STD_LOGIC_UNSIGNED 1341906179
AR work/ADDER1_module/Behavioral 1354918716 \
      FL F:/Documentos/Arquitectura/Processor/ADDER1_module.vhd \
      EN work/ADDER1_module 1354918715
FL F:/Documentos/Arquitectura/Processor/ADDER2_module.vhd 2012/11/29.08:53:07 P.28xd
EN work/ADDER2_module 1354918717 \
      FL F:/Documentos/Arquitectura/Processor/ADDER2_module.vhd \
      PB ieee/std_logic_1164 1341906176 PB ieee/STD_LOGIC_UNSIGNED 1341906179 \
      PB ieee/NUMERIC_STD 1341906182
AR work/ADDER2_module/Behavioral 1354918718 \
      FL F:/Documentos/Arquitectura/Processor/ADDER2_module.vhd \
      EN work/ADDER2_module 1354918717
FL F:/Documentos/Arquitectura/Processor/ADDER3_module.vhd 2012/11/29.08:53:07 P.28xd
EN work/ADDER3_module 1354918719 \
      FL F:/Documentos/Arquitectura/Processor/ADDER3_module.vhd \
      PB ieee/std_logic_1164 1341906176 PB ieee/STD_LOGIC_UNSIGNED 1341906179 \
      PB ieee/NUMERIC_STD 1341906182
AR work/ADDER3_module/Behavioral 1354918720 \
      FL F:/Documentos/Arquitectura/Processor/ADDER3_module.vhd \
      EN work/ADDER3_module 1354918719
FL F:/Documentos/Arquitectura/Processor/ALU_module.vhd 2012/12/03.09:21:17 P.28xd
EN work/ALU_module 1354918721 \
      FL F:/Documentos/Arquitectura/Processor/ALU_module.vhd \
      PB ieee/std_logic_1164 1341906176 PB ieee/NUMERIC_STD 1341906182 \
      PB ieee/NUMERIC_BIT 1341906181 PB ieee/STD_LOGIC_UNSIGNED 1341906179
AR work/ALU_module/Behavioral 1354918722 \
      FL F:/Documentos/Arquitectura/Processor/ALU_module.vhd EN work/ALU_module 1354918721
FL F:/Documentos/Arquitectura/Processor/bcd.vhd 2012/12/07.14:34:21 P.28xd
EN work/bcd 1354918757 FL F:/Documentos/Arquitectura/Processor/bcd.vhd \
      PB ieee/std_logic_1164 1341906176
AR work/bcd/arch_bcd 1354918758 \
      FL F:/Documentos/Arquitectura/Processor/bcd.vhd EN work/bcd 1354918757
FL F:/Documentos/Arquitectura/Processor/Chronometer.vhd 2012/12/07.17:18:29 P.28xd
EN work/Chronometer 1354918769 \
      FL F:/Documentos/Arquitectura/Processor/Chronometer.vhd \
      PB ieee/std_logic_1164 1341906176
AR work/Chronometer/arch_crh 1354918770 \
      FL F:/Documentos/Arquitectura/Processor/Chronometer.vhd EN work/Chronometer 1354918769 \
      CP Div50Mto700 CP Div50Mto1 CP Processor CP mux4to1 CP bcd CP CyclicalCounter \
      CP Decoder2to4 CP Div50Mto05 CP muxI CP CyclicalCounter2
FL F:/Documentos/Arquitectura/Processor/CU_module.vhd 2012/11/29.09:46:04 P.28xd
EN work/CU_module 1354918723 \
      FL F:/Documentos/Arquitectura/Processor/CU_module.vhd \
      PB ieee/std_logic_1164 1341906176
AR work/CU_module/Behavioral 1354918724 \
      FL F:/Documentos/Arquitectura/Processor/CU_module.vhd EN work/CU_module 1354918723
FL F:/Documentos/Arquitectura/Processor/CyclicalCounter.vhd 2012/11/16.11:34:28 P.28xd
EN work/CyclicalCounter 1354918759 \
      FL F:/Documentos/Arquitectura/Processor/CyclicalCounter.vhd \
      PB ieee/std_logic_1164 1341906176
AR work/CyclicalCounter/Behavioral 1354918760 \
      FL F:/Documentos/Arquitectura/Processor/CyclicalCounter.vhd \
      EN work/CyclicalCounter 1354918759
FL F:/Documentos/Arquitectura/Processor/CyclicalCounter2.vhd 2012/12/07.15:05:14 P.28xd
EN work/CyclicalCounter2 1354918767 \
      FL F:/Documentos/Arquitectura/Processor/CyclicalCounter2.vhd \
      PB ieee/std_logic_1164 1341906176
AR work/CyclicalCounter2/Behavioral 1354918768 \
      FL F:/Documentos/Arquitectura/Processor/CyclicalCounter2.vhd \
      EN work/CyclicalCounter2 1354918767
FL F:/Documentos/Arquitectura/Processor/DataMem_module.vhd 2012/11/30.17:26:58 P.28xd
EN work/DataMem_module 1354918725 \
      FL F:/Documentos/Arquitectura/Processor/DataMem_module.vhd \
      PB ieee/std_logic_1164 1341906176 PB ieee/STD_LOGIC_UNSIGNED 1341906179
AR work/DataMem_module/Behavioral 1354918726 \
      FL F:/Documentos/Arquitectura/Processor/DataMem_module.vhd \
      EN work/DataMem_module 1354918725
FL F:/Documentos/Arquitectura/Processor/Decoder2to4.vhd 2012/11/13.17:14:13 P.28xd
EN work/Decoder2to4 1354918761 \
      FL F:/Documentos/Arquitectura/Processor/Decoder2to4.vhd \
      PB ieee/std_logic_1164 1341906176
AR work/Decoder2to4/Behavioral 1354918762 \
      FL F:/Documentos/Arquitectura/Processor/Decoder2to4.vhd EN work/Decoder2to4 1354918761
FL F:/Documentos/Arquitectura/Processor/Div50Mto05.vhd 2012/12/07.14:20:39 P.28xd
EN work/Div50Mto05 1354918763 \
      FL F:/Documentos/Arquitectura/Processor/Div50Mto05.vhd \
      PB ieee/std_logic_1164 1341906176
AR work/Div50Mto05/arch 1354918764 \
      FL F:/Documentos/Arquitectura/Processor/Div50Mto05.vhd EN work/Div50Mto05 1354918763
FL F:/Documentos/Arquitectura/Processor/Div50Mto1.vhd 2012/12/07.08:46:32 P.28xd
EN work/Div50Mto1 1354918751 \
      FL F:/Documentos/Arquitectura/Processor/Div50Mto1.vhd \
      PB ieee/std_logic_1164 1341906176
AR work/Div50Mto1/arch 1354918752 \
      FL F:/Documentos/Arquitectura/Processor/Div50Mto1.vhd EN work/Div50Mto1 1354918751
FL F:/Documentos/Arquitectura/Processor/Div50Mto700.vhd 2012/11/23.14:04:30 P.28xd
EN work/Div50Mto700 1354918749 \
      FL F:/Documentos/Arquitectura/Processor/Div50Mto700.vhd \
      PB ieee/std_logic_1164 1341906176
AR work/Div50Mto700/arch 1354918750 \
      FL F:/Documentos/Arquitectura/Processor/Div50Mto700.vhd EN work/Div50Mto700 1354918749
FL F:/Documentos/Arquitectura/Processor/InstMemory_module.vhd 2012/12/07.08:03:27 P.28xd
EN work/InstMemory_module 1354918727 \
      FL F:/Documentos/Arquitectura/Processor/InstMemory_module.vhd \
      PB ieee/std_logic_1164 1341906176 PB ieee/NUMERIC_STD 1341906182 \
      PB std/TEXTIO 1341906175 PB ieee/NUMERIC_BIT 1341906181 \
      PB ieee/STD_LOGIC_UNSIGNED 1341906179
AR work/InstMemory_module/Behavioral 1354918728 \
      FL F:/Documentos/Arquitectura/Processor/InstMemory_module.vhd \
      EN work/InstMemory_module 1354918727
FL F:/Documentos/Arquitectura/Processor/MUX1_module.vhd 2012/11/29.08:53:07 P.28xd
EN work/MUX1_module 1354918729 \
      FL F:/Documentos/Arquitectura/Processor/MUX1_module.vhd \
      PB ieee/std_logic_1164 1341906176 PB ieee/STD_LOGIC_UNSIGNED 1341906179 \
      PB ieee/std_logic_arith 1341906177
AR work/MUX1_module/Behavioral 1354918730 \
      FL F:/Documentos/Arquitectura/Processor/MUX1_module.vhd EN work/MUX1_module 1354918729
FL F:/Documentos/Arquitectura/Processor/MUX2_module.vhd 2012/11/29.08:53:07 P.28xd
EN work/MUX2_module 1354918731 \
      FL F:/Documentos/Arquitectura/Processor/MUX2_module.vhd \
      PB ieee/std_logic_1164 1341906176
AR work/MUX2_module/Behavioral 1354918732 \
      FL F:/Documentos/Arquitectura/Processor/MUX2_module.vhd EN work/MUX2_module 1354918731
FL F:/Documentos/Arquitectura/Processor/MUX3_module.vhd 2012/11/29.08:53:07 P.28xd
EN work/MUX3_module 1354918733 \
      FL F:/Documentos/Arquitectura/Processor/MUX3_module.vhd \
      PB ieee/std_logic_1164 1341906176
AR work/MUX3_module/Behavioral 1354918734 \
      FL F:/Documentos/Arquitectura/Processor/MUX3_module.vhd EN work/MUX3_module 1354918733
FL F:/Documentos/Arquitectura/Processor/mux4to1.vhd 2012/12/07.14:33:38 P.28xd
EN work/mux4to1 1354918755 FL F:/Documentos/Arquitectura/Processor/mux4to1.vhd \
      PB ieee/std_logic_1164 1341906176
AR work/mux4to1/Behavioral 1354918756 \
      FL F:/Documentos/Arquitectura/Processor/mux4to1.vhd EN work/mux4to1 1354918755
FL F:/Documentos/Arquitectura/Processor/MUX4_module.vhd 2012/11/29.08:53:07 P.28xd
EN work/MUX4_module 1354918735 \
      FL F:/Documentos/Arquitectura/Processor/MUX4_module.vhd \
      PB ieee/std_logic_1164 1341906176
AR work/MUX4_module/Behavioral 1354918736 \
      FL F:/Documentos/Arquitectura/Processor/MUX4_module.vhd EN work/MUX4_module 1354918735
FL F:/Documentos/Arquitectura/Processor/muxI.vhd 2012/12/07.14:32:42 P.28xd
EN work/muxI 1354918765 FL F:/Documentos/Arquitectura/Processor/muxI.vhd \
      PB ieee/std_logic_1164 1341906176
AR work/muxI/Behavioral 1354918766 \
      FL F:/Documentos/Arquitectura/Processor/muxI.vhd EN work/muxI 1354918765
FL F:/Documentos/Arquitectura/Processor/PC_module.vhd 2012/11/30.08:55:24 P.28xd
EN work/PC_module 1354918737 \
      FL F:/Documentos/Arquitectura/Processor/PC_module.vhd \
      PB ieee/std_logic_1164 1341906176
AR work/PC_module/Behavioral 1354918738 \
      FL F:/Documentos/Arquitectura/Processor/PC_module.vhd EN work/PC_module 1354918737
FL F:/Documentos/Arquitectura/Processor/Processor.vhd 2012/12/07.08:04:25 P.28xd
EN work/Processor 1354918753 \
      FL F:/Documentos/Arquitectura/Processor/Processor.vhd \
      PB ieee/std_logic_1164 1341906176
AR work/Processor/Behavioral 1354918754 \
      FL F:/Documentos/Arquitectura/Processor/Processor.vhd EN work/Processor 1354918753 \
      CP SEU22_module CP ADDER1_module CP ADDER2_module CP ADDER3_module \
      CP ALU_module CP CU_module CP DataMem_module CP InstMemory_module \
      CP MUX1_module CP MUX2_module CP MUX3_module CP MUX4_module CP PC_module \
      CP PSRModifier CP PSR_module CP RegisterFile_module CP SEU_module \
      CP WindowManager
FL F:/Documentos/Arquitectura/Processor/PSRModifier.vhd 2012/11/29.08:53:07 P.28xd
EN work/PSRModifier 1354918739 \
      FL F:/Documentos/Arquitectura/Processor/PSRModifier.vhd \
      PB ieee/std_logic_1164 1341906176 PB ieee/NUMERIC_STD 1341906182
AR work/PSRModifier/arch_PSRM 1354918740 \
      FL F:/Documentos/Arquitectura/Processor/PSRModifier.vhd EN work/PSRModifier 1354918739
FL F:/Documentos/Arquitectura/Processor/PSR_module.vhd 2012/12/03.08:15:40 P.28xd
EN work/PSR_module 1354918741 \
      FL F:/Documentos/Arquitectura/Processor/PSR_module.vhd \
      PB ieee/std_logic_1164 1341906176
AR work/PSR_module/Behavioral 1354918742 \
      FL F:/Documentos/Arquitectura/Processor/PSR_module.vhd EN work/PSR_module 1354918741
FL F:/Documentos/Arquitectura/Processor/RegisterFile_module.vhd 2012/12/07.08:01:37 P.28xd
EN work/RegisterFile_module 1354918743 \
      FL F:/Documentos/Arquitectura/Processor/RegisterFile_module.vhd \
      PB ieee/std_logic_1164 1341906176 PB ieee/NUMERIC_STD 1341906182 \
      PB std/TEXTIO 1341906175 PB ieee/NUMERIC_BIT 1341906181 \
      PB ieee/STD_LOGIC_UNSIGNED 1341906179
AR work/RegisterFile_module/Behavioral 1354918744 \
      FL F:/Documentos/Arquitectura/Processor/RegisterFile_module.vhd \
      EN work/RegisterFile_module 1354918743
FL F:/Documentos/Arquitectura/Processor/SEU22_module.vhd 2012/11/29.08:53:07 P.28xd
EN work/SEU22_module 1354918713 \
      FL F:/Documentos/Arquitectura/Processor/SEU22_module.vhd \
      PB ieee/std_logic_1164 1341906176
AR work/SEU22_module/Behavioral 1354918714 \
      FL F:/Documentos/Arquitectura/Processor/SEU22_module.vhd \
      EN work/SEU22_module 1354918713
FL F:/Documentos/Arquitectura/Processor/SEU_module.vhd 2012/11/29.08:53:07 P.28xd
EN work/SEU_module 1354918745 \
      FL F:/Documentos/Arquitectura/Processor/SEU_module.vhd \
      PB ieee/std_logic_1164 1341906176
AR work/SEU_module/Behavioral 1354918746 \
      FL F:/Documentos/Arquitectura/Processor/SEU_module.vhd EN work/SEU_module 1354918745
FL F:/Documentos/Arquitectura/Processor/SLx2_module.vhd 2012/11/16.11:43:43 P.28xd
EN work/SLx2_module 1353084292 \
      FL F:/Documentos/Arquitectura/Processor/SLx2_module.vhd \
      PB ieee/std_logic_1164 1341906176
AR work/SLx2_module/Behavioral 1353084293 \
      FL F:/Documentos/Arquitectura/Processor/SLx2_module.vhd EN work/SLx2_module 1353084292
FL F:/Documentos/Arquitectura/Processor/WindowManager.vhd 2012/11/29.08:53:07 P.28xd
EN work/WindowManager 1354918747 \
      FL F:/Documentos/Arquitectura/Processor/WindowManager.vhd \
      PB ieee/std_logic_1164 1341906176 PB ieee/NUMERIC_STD 1341906182 \
      PB ieee/STD_LOGIC_UNSIGNED 1341906179
AR work/WindowManager/arch_wm 1354918748 \
      FL F:/Documentos/Arquitectura/Processor/WindowManager.vhd \
      EN work/WindowManager 1354918747
