V3 96
FL /home/pin3da/Repos/Processor/ADDER1_module.vhd 2012/11/22.08:50:15 P.28xd
EN work/ADDER1_module 1353786680 \
      FL /home/pin3da/Repos/Processor/ADDER1_module.vhd PB ieee/std_logic_1164 1341906176 \
      PB ieee/STD_LOGIC_UNSIGNED 1341906179
AR work/ADDER1_module/Behavioral 1353786681 \
      FL /home/pin3da/Repos/Processor/ADDER1_module.vhd EN work/ADDER1_module 1353786680
FL /home/pin3da/Repos/Processor/ADDER2_module.vhd 2012/11/22.08:50:15 P.28xd
EN work/ADDER2_module 1353786682 \
      FL /home/pin3da/Repos/Processor/ADDER2_module.vhd PB ieee/std_logic_1164 1341906176 \
      PB ieee/STD_LOGIC_UNSIGNED 1341906179 PB ieee/NUMERIC_STD 1341906182
AR work/ADDER2_module/Behavioral 1353786683 \
      FL /home/pin3da/Repos/Processor/ADDER2_module.vhd EN work/ADDER2_module 1353786682
FL /home/pin3da/Repos/Processor/ADDER3_module.vhd 2012/11/22.08:50:15 P.28xd
EN work/ADDER3_module 1353786684 \
      FL /home/pin3da/Repos/Processor/ADDER3_module.vhd PB ieee/std_logic_1164 1341906176 \
      PB ieee/STD_LOGIC_UNSIGNED 1341906179 PB ieee/NUMERIC_STD 1341906182
AR work/ADDER3_module/Behavioral 1353786685 \
      FL /home/pin3da/Repos/Processor/ADDER3_module.vhd EN work/ADDER3_module 1353786684
FL /home/pin3da/Repos/Processor/ALU_module.vhd 2012/11/22.08:50:15 P.28xd
EN work/ALU_module 1353786686 FL /home/pin3da/Repos/Processor/ALU_module.vhd \
      PB ieee/std_logic_1164 1341906176 PB ieee/NUMERIC_STD 1341906182 \
      PB ieee/NUMERIC_BIT 1341906181 PB ieee/STD_LOGIC_UNSIGNED 1341906179
AR work/ALU_module/Behavioral 1353786687 \
      FL /home/pin3da/Repos/Processor/ALU_module.vhd EN work/ALU_module 1353786686
FL /home/pin3da/Repos/Processor/CU_module.vhd 2012/11/24.14:32:55 P.28xd
EN work/CU_module 1353786688 FL /home/pin3da/Repos/Processor/CU_module.vhd \
      PB ieee/std_logic_1164 1341906176
AR work/CU_module/Behavioral 1353786689 \
      FL /home/pin3da/Repos/Processor/CU_module.vhd EN work/CU_module 1353786688
FL /home/pin3da/Repos/Processor/DataMem_module.vhd 2012/11/22.10:26:45 P.28xd
EN work/DataMem_module 1353786690 \
      FL /home/pin3da/Repos/Processor/DataMem_module.vhd PB ieee/std_logic_1164 1341906176 \
      PB ieee/STD_LOGIC_UNSIGNED 1341906179
AR work/DataMem_module/Behavioral 1353786691 \
      FL /home/pin3da/Repos/Processor/DataMem_module.vhd EN work/DataMem_module 1353786690
FL /home/pin3da/Repos/Processor/InstMemory_module.vhd 2012/11/22.10:26:45 P.28xd
EN work/InstMemory_module 1353786692 \
      FL /home/pin3da/Repos/Processor/InstMemory_module.vhd \
      PB ieee/std_logic_1164 1341906176 PB ieee/NUMERIC_STD 1341906182 \
      PB std/TEXTIO 1341906175 PB ieee/NUMERIC_BIT 1341906181 \
      PB ieee/STD_LOGIC_UNSIGNED 1341906179
AR work/InstMemory_module/Behavioral 1353786693 \
      FL /home/pin3da/Repos/Processor/InstMemory_module.vhd \
      EN work/InstMemory_module 1353786692
FL /home/pin3da/Repos/Processor/MUX1_module.vhd 2012/11/22.10:26:45 P.28xd
EN work/MUX1_module 1353786694 FL /home/pin3da/Repos/Processor/MUX1_module.vhd \
      PB ieee/std_logic_1164 1341906176 PB ieee/STD_LOGIC_UNSIGNED 1341906179 \
      PB ieee/std_logic_arith 1341906177
AR work/MUX1_module/Behavioral 1353786695 \
      FL /home/pin3da/Repos/Processor/MUX1_module.vhd EN work/MUX1_module 1353786694
FL /home/pin3da/Repos/Processor/MUX2_module.vhd 2012/11/22.08:50:15 P.28xd
EN work/MUX2_module 1353786696 FL /home/pin3da/Repos/Processor/MUX2_module.vhd \
      PB ieee/std_logic_1164 1341906176
AR work/MUX2_module/Behavioral 1353786697 \
      FL /home/pin3da/Repos/Processor/MUX2_module.vhd EN work/MUX2_module 1353786696
FL /home/pin3da/Repos/Processor/MUX3_module.vhd 2012/11/22.08:50:15 P.28xd
EN work/MUX3_module 1353786698 FL /home/pin3da/Repos/Processor/MUX3_module.vhd \
      PB ieee/std_logic_1164 1341906176
AR work/MUX3_module/Behavioral 1353786699 \
      FL /home/pin3da/Repos/Processor/MUX3_module.vhd EN work/MUX3_module 1353786698
FL /home/pin3da/Repos/Processor/MUX4_module.vhd 2012/11/22.08:50:15 P.28xd
EN work/MUX4_module 1353786700 FL /home/pin3da/Repos/Processor/MUX4_module.vhd \
      PB ieee/std_logic_1164 1341906176
AR work/MUX4_module/Behavioral 1353786701 \
      FL /home/pin3da/Repos/Processor/MUX4_module.vhd EN work/MUX4_module 1353786700
FL /home/pin3da/Repos/Processor/PC_module.vhd 2012/11/22.08:50:15 P.28xd
EN work/PC_module 1353786702 FL /home/pin3da/Repos/Processor/PC_module.vhd \
      PB ieee/std_logic_1164 1341906176
AR work/PC_module/Behavioral 1353786703 \
      FL /home/pin3da/Repos/Processor/PC_module.vhd EN work/PC_module 1353786702
FL /home/pin3da/Repos/Processor/Processor.vhd 2012/11/24.14:51:02 P.28xd
EN work/Processor 1353786716 FL /home/pin3da/Repos/Processor/Processor.vhd \
      PB ieee/std_logic_1164 1341906176
AR work/Processor/Behavioral 1353786717 \
      FL /home/pin3da/Repos/Processor/Processor.vhd EN work/Processor 1353786716 \
      CP ADDER1_module CP ADDER2_module CP ADDER3_module CP ALU_module CP CU_module \
      CP DataMem_module CP InstMemory_module CP MUX1_module CP MUX2_module \
      CP MUX3_module CP MUX4_module CP PC_module CP PSRModifier CP PSR_module \
      CP RegisterFile_module CP SEU_module CP WindowManager CP SEU22_module
FL /home/pin3da/Repos/Processor/PSRModifier.vhd 2012/11/24.14:34:09 P.28xd
EN work/PSRModifier 1353786704 FL /home/pin3da/Repos/Processor/PSRModifier.vhd \
      PB ieee/std_logic_1164 1341906176 PB ieee/NUMERIC_STD 1341906182
AR work/PSRModifier/arch_PSRM 1353786705 \
      FL /home/pin3da/Repos/Processor/PSRModifier.vhd EN work/PSRModifier 1353786704
FL /home/pin3da/Repos/Processor/PSR_module.vhd 2012/11/24.14:17:38 P.28xd
EN work/PSR_module 1353786706 FL /home/pin3da/Repos/Processor/PSR_module.vhd \
      PB ieee/std_logic_1164 1341906176
AR work/PSR_module/Behavioral 1353786707 \
      FL /home/pin3da/Repos/Processor/PSR_module.vhd EN work/PSR_module 1353786706
FL /home/pin3da/Repos/Processor/RegisterFile_module.vhd 2012/11/22.10:26:45 P.28xd
EN work/RegisterFile_module 1353786708 \
      FL /home/pin3da/Repos/Processor/RegisterFile_module.vhd \
      PB ieee/std_logic_1164 1341906176 PB ieee/NUMERIC_STD 1341906182 \
      PB std/TEXTIO 1341906175 PB ieee/NUMERIC_BIT 1341906181 \
      PB ieee/STD_LOGIC_UNSIGNED 1341906179
AR work/RegisterFile_module/Behavioral 1353786709 \
      FL /home/pin3da/Repos/Processor/RegisterFile_module.vhd \
      EN work/RegisterFile_module 1353786708
FL /home/pin3da/Repos/Processor/SEU22_module.vhd 2012/11/22.10:26:45 P.28xd
EN work/SEU22_module 1353786714 FL /home/pin3da/Repos/Processor/SEU22_module.vhd \
      PB ieee/std_logic_1164 1341906176
AR work/SEU22_module/Behavioral 1353786715 \
      FL /home/pin3da/Repos/Processor/SEU22_module.vhd EN work/SEU22_module 1353786714
FL /home/pin3da/Repos/Processor/SEU_module.vhd 2012/11/22.08:50:15 P.28xd
EN work/SEU_module 1353786710 FL /home/pin3da/Repos/Processor/SEU_module.vhd \
      PB ieee/std_logic_1164 1341906176
AR work/SEU_module/Behavioral 1353786711 \
      FL /home/pin3da/Repos/Processor/SEU_module.vhd EN work/SEU_module 1353786710
FL /home/pin3da/Repos/Processor/WindowManager.vhd 2012/11/22.10:26:45 P.28xd
EN work/WindowManager 1353786712 \
      FL /home/pin3da/Repos/Processor/WindowManager.vhd PB ieee/std_logic_1164 1341906176 \
      PB ieee/NUMERIC_STD 1341906182 PB ieee/STD_LOGIC_UNSIGNED 1341906179
AR work/WindowManager/arch_wm 1353786713 \
      FL /home/pin3da/Repos/Processor/WindowManager.vhd EN work/WindowManager 1353786712
FL F:/Documentos/Arquitectura/Processor/ADDER1_module.vhd 2012/11/19.09:29:00 P.28xd
FL F:/Documentos/Arquitectura/Processor/ADDER2_module.vhd 2012/11/22.08:24:07 P.28xd
FL F:/Documentos/Arquitectura/Processor/ADDER3_module.vhd 2012/11/22.08:31:08 P.28xd
FL F:/Documentos/Arquitectura/Processor/ALU_module.vhd 2012/11/19.09:41:26 P.28xd
FL F:/Documentos/Arquitectura/Processor/CU_module.vhd 2012/11/22.09:23:04 P.28xd
FL F:/Documentos/Arquitectura/Processor/DataMem_module.vhd 2012/11/22.09:23:47 P.28xd
FL F:/Documentos/Arquitectura/Processor/InstMemory_module.vhd 2012/11/22.09:24:50 P.28xd
FL F:/Documentos/Arquitectura/Processor/MUX1_module.vhd 2012/11/22.08:52:44 P.28xd
FL F:/Documentos/Arquitectura/Processor/MUX2_module.vhd 2012/11/19.07:16:32 P.28xd
FL F:/Documentos/Arquitectura/Processor/MUX3_module.vhd 2012/11/19.09:38:44 P.28xd
FL F:/Documentos/Arquitectura/Processor/MUX4_module.vhd 2012/11/22.07:31:47 P.28xd
FL F:/Documentos/Arquitectura/Processor/PC_module.vhd 2012/11/01.07:30:36 P.28xd
FL F:/Documentos/Arquitectura/Processor/PSRModifier.vhd 2012/11/20.06:45:48 P.28xd
FL F:/Documentos/Arquitectura/Processor/PSR_module.vhd 2012/11/16.11:47:41 P.28xd
FL F:/Documentos/Arquitectura/Processor/RegisterFile_module.vhd 2012/11/22.09:26:04 P.28xd
FL F:/Documentos/Arquitectura/Processor/SEU22_module.vhd 2012/11/22.09:29:47 P.28xd
FL F:/Documentos/Arquitectura/Processor/SEU_module.vhd 2012/11/14.12:42:31 P.28xd
FL F:/Documentos/Arquitectura/Processor/SLx2_module.vhd 2012/11/16.11:43:43 P.28xd
EN work/SLx2_module 1353084292 \
      FL F:/Documentos/Arquitectura/Processor/SLx2_module.vhd \
      PB ieee/std_logic_1164 1341906176
AR work/SLx2_module/Behavioral 1353084293 \
      FL F:/Documentos/Arquitectura/Processor/SLx2_module.vhd EN work/SLx2_module 1353084292
FL F:/Documentos/Arquitectura/Processor/WindowManager.vhd 2012/11/20.06:45:48 P.28xd
